C:\Users\Alejandro Maguey\Documents\NetBeansProjects\mx.com.gm_demo_jar_0.0.1-SNAPSHOT\src\main\java\mx\com\gm\HolamundoSpringApplication.java
C:\Users\Alejandro Maguey\Documents\NetBeansProjects\mx.com.gm_demo_jar_0.0.1-SNAPSHOT\src\main\java\mx\com\gm\domain\Puntos.java
C:\Users\Alejandro Maguey\Documents\NetBeansProjects\mx.com.gm_demo_jar_0.0.1-SNAPSHOT\src\main\java\mx\com\gm\servicios\PuntosServiceImpl.java
C:\Users\Alejandro Maguey\Documents\NetBeansProjects\mx.com.gm_demo_jar_0.0.1-SNAPSHOT\src\main\java\mx\com\gm\dao\RecompensasDao.java
C:\Users\Alejandro Maguey\Documents\NetBeansProjects\mx.com.gm_demo_jar_0.0.1-SNAPSHOT\src\main\java\mx\com\gm\servicios\UsuarioService.java
C:\Users\Alejandro Maguey\Documents\NetBeansProjects\mx.com.gm_demo_jar_0.0.1-SNAPSHOT\src\main\java\mx\com\gm\servicios\RecompensasServiceImpl.java
C:\Users\Alejandro Maguey\Documents\NetBeansProjects\mx.com.gm_demo_jar_0.0.1-SNAPSHOT\src\main\java\mx\com\gm\domain\Usuarios.java
C:\Users\Alejandro Maguey\Documents\NetBeansProjects\mx.com.gm_demo_jar_0.0.1-SNAPSHOT\src\main\java\mx\com\gm\servicios\PuntosService.java
C:\Users\Alejandro Maguey\Documents\NetBeansProjects\mx.com.gm_demo_jar_0.0.1-SNAPSHOT\src\main\java\mx\com\gm\servicios\RecompensasService.java
C:\Users\Alejandro Maguey\Documents\NetBeansProjects\mx.com.gm_demo_jar_0.0.1-SNAPSHOT\src\main\java\mx\com\gm\servicios\UsuarioServiceImpl.java
C:\Users\Alejandro Maguey\Documents\NetBeansProjects\mx.com.gm_demo_jar_0.0.1-SNAPSHOT\src\main\java\mx\com\gm\web\ControladorInicio.java
C:\Users\Alejandro Maguey\Documents\NetBeansProjects\mx.com.gm_demo_jar_0.0.1-SNAPSHOT\src\main\java\mx\com\gm\domain\Recompensas.java
C:\Users\Alejandro Maguey\Documents\NetBeansProjects\mx.com.gm_demo_jar_0.0.1-SNAPSHOT\src\main\java\mx\com\gm\dao\PuntosDao.java
C:\Users\Alejandro Maguey\Documents\NetBeansProjects\mx.com.gm_demo_jar_0.0.1-SNAPSHOT\src\main\java\mx\com\gm\dao\UsuariosDao.java
